// Jest Snapshot v1, https://goo.gl/fbAQLP

exports[`App html structure must match snapshot 1`] = `
Array [
  <div
    className="origin"
    data-theme="light"
    id="origin"
  >
    <Wrapper>
      <SavingGoalPlanSimulator />
    </Wrapper>
  </div>,
]
`;
